  AuthService.cpp
C:\Users\jonat\source\repos\ParchisServer\Parchis\AuthService.h(3,10): error C1083: No se puede abrir el archivo incluir: 'openssl/evp.h': No such file or directory
  (compilando archivo de origen "AuthService.cpp")
  
  DatabaseManager.cpp
C:\Users\jonat\source\repos\ParchisServer\Parchis\DatabaseManager.h(2,10): error C1083: No se puede abrir el archivo incluir: 'mysql_connection.h': No such file or directory
  (compilando archivo de origen "DatabaseManager.cpp")
  
  main.cpp
C:\Users\jonat\source\repos\ParchisServer\Dependencies\include\SFML\System\Exception.hpp(41,47): warning C4275: se ha utilizado una interfaz no de DLL class 'std::runtime_error' como base para la interfaz DLL class 'sf::Exception'
  (compilando archivo de origen "main.cpp")
      C:\Program Files\Microsoft Visual Studio\2022\Community\VC\Tools\MSVC\14.44.35207\include\stdexcept(100,30):
      vea la declaración de 'std::runtime_error'
      C:\Users\jonat\source\repos\ParchisServer\Dependencies\include\SFML\System\Exception.hpp(41,23):
      vea la declaración de 'sf::Exception'
  
C:\Users\jonat\source\repos\ParchisServer\Parchis\DatabaseManager.h(2,10): error C1083: No se puede abrir el archivo incluir: 'mysql_connection.h': No such file or directory
  (compilando archivo de origen "main.cpp")
  
  PacketHandler.cpp
C:\Users\jonat\source\repos\ParchisServer\Dependencies\include\SFML\System\Exception.hpp(41,47): warning C4275: se ha utilizado una interfaz no de DLL class 'std::runtime_error' como base para la interfaz DLL class 'sf::Exception'
  (compilando archivo de origen "PacketHandler.cpp")
      C:\Program Files\Microsoft Visual Studio\2022\Community\VC\Tools\MSVC\14.44.35207\include\stdexcept(100,30):
      vea la declaración de 'std::runtime_error'
      C:\Users\jonat\source\repos\ParchisServer\Dependencies\include\SFML\System\Exception.hpp(41,23):
      vea la declaración de 'sf::Exception'
  
C:\Users\jonat\source\repos\ParchisServer\Parchis\PacketHandler.cpp(24,21): warning C4834: Descartar el valor de retorno de la función con el atributo [[nodiscard]]
  ServerManager.cpp
C:\Users\jonat\source\repos\ParchisServer\Dependencies\include\SFML\System\Exception.hpp(41,47): warning C4275: se ha utilizado una interfaz no de DLL class 'std::runtime_error' como base para la interfaz DLL class 'sf::Exception'
  (compilando archivo de origen "ServerManager.cpp")
      C:\Program Files\Microsoft Visual Studio\2022\Community\VC\Tools\MSVC\14.44.35207\include\stdexcept(100,30):
      vea la declaración de 'std::runtime_error'
      C:\Users\jonat\source\repos\ParchisServer\Dependencies\include\SFML\System\Exception.hpp(41,23):
      vea la declaración de 'sf::Exception'
  
  Generando código...
